[12:59:01] === ラジオポッドキャスト パイプライン 開始 ===
[12:59:01] 録音開始: TBS → episodes\20260927_日曜サンデー.aac
[12:59:01] 配信情報を取得中: TBS
[12:59:05] 使用サーバー: dr-wowza.radiko-cf.com
[13:00:00] === ラジオポッドキャスト パイプライン 開始 ===
[13:00:00] 録音開始: FMT → episodes\20260927_めるる.aac
[13:00:00] 配信情報を取得中: FMT
[13:00:03] 使用サーバー: dr-wowza.radiko-cf.com
[13:33:23] 録音完了
[13:33:23] RSSフィード生成中...
[13:33:23] RSSフィード保存: feed.xml
[13:33:23] アーカイブ移動: 20260826_GURUGURU.aac（GURUGURU / 30日超過）
[13:33:23] 削除: 20260913_めるる.aac（保持14日超過）
[13:33:23] 1件削除、1件アーカイブ移動しました
[13:33:23] GitHubにpush中...
[13:33:33] push完了
[13:33:33] === パイプライン完了 ===
[13:33:33] 録音ファイル : episodes\20260927_めるる.aac
[13:33:33] RSSフィード  : feed.xml
[16:59:29] 録音完了
[16:59:29] RSSフィード生成中...
[16:59:29] RSSフィード保存: feed.xml
[16:59:29] 対象なし
[16:59:29] GitHubにpush中...
[16:59:54] push完了
[16:59:54] === パイプライン完了 ===
[16:59:54] 録音ファイル : episodes\20260927_日曜サンデー.aac
[16:59:54] RSSフィード  : feed.xml
