[00:01:39] 録音完了
[00:01:39] RSSフィード生成中...
[00:01:39] RSSフィード保存: feed.xml
[00:01:39] 対象なし
[00:01:39] GitHubにpush中...
[00:01:57] push完了
[00:01:57] === パイプライン完了 ===
[00:01:57] 録音ファイル : episodes\20260917_GURUGURU.aac
[00:01:57] RSSフィード  : feed.xml
[00:59:01] === ラジオポッドキャスト パイプライン 開始 ===
[00:59:01] 録音開始: TBS → episodes\20260918_ジャンク.aac
[00:59:01] 配信情報を取得中: TBS
[00:59:04] 使用サーバー: dr-wowza.radiko-cf.com
[02:59:24] 録音完了
[02:59:24] RSSフィード生成中...
[02:59:24] RSSフィード保存: feed.xml
[02:59:24] アーカイブ移動: 20260819_ジャンク.aac（ジャンク / 30日超過）
[02:59:24] 0件削除、1件アーカイブ移動しました
[02:59:24] GitHubにpush中...
[02:59:40] push完了
[02:59:40] === パイプライン完了 ===
[02:59:40] 録音ファイル : episodes\20260918_ジャンク.aac
[02:59:40] RSSフィード  : feed.xml
