[12:59:01] === ラジオポッドキャスト パイプライン 開始 ===
[12:59:01] 録音開始: TBS → episodes\20260913_日曜サンデー.aac
[12:59:01] 配信情報を取得中: TBS
[12:59:07] 使用サーバー: dr-wowza.radiko-cf.com
[13:00:00] === ラジオポッドキャスト パイプライン 開始 ===
[13:00:00] 録音開始: FMT → episodes\20260913_めるる.aac
[13:00:00] 配信情報を取得中: FMT
[13:00:05] 使用サーバー: dr-wowza.radiko-cf.com
[13:33:01] 録音完了
[13:33:01] RSSフィード生成中...
[13:33:01] RSSフィード保存: feed.xml
[13:33:01] アーカイブ移動: 20260813_GURUGURU.aac（GURUGURU / 30日超過）
[13:33:01] アーカイブ移動: 20260814_ジャンク.aac（ジャンク / 30日超過）
[13:33:01] 0件削除、2件アーカイブ移動しました
[13:33:01] GitHubにpush中...
[13:33:04] 警告: git push失敗（試行 1/3）
[13:33:05] 録音完了
[13:33:05] RSSフィード生成中...
[13:33:05] RSSフィード保存: feed.xml
[13:33:05] 対象なし
[13:33:05] GitHubにpush中...
[13:33:06] 警告: git push失敗（試行 1/3）
[13:33:34] 警告: git push失敗（試行 2/3）
[13:33:37] 警告: git push失敗（試行 2/3）
[13:34:04] 警告: git push失敗（試行 3/3）
[13:34:04] エラー: git pushが全て失敗しました。手動でpushしてください。
[13:34:04] === パイプライン完了 ===
[13:34:04] 録音ファイル : episodes\20260913_日曜サンデー.aac
[13:34:04] RSSフィード  : feed.xml
[13:34:07] 警告: git push失敗（試行 3/3）
[13:34:07] エラー: git pushが全て失敗しました。手動でpushしてください。
[13:34:07] === パイプライン完了 ===
[13:34:07] 録音ファイル : episodes\20260913_めるる.aac
[13:34:07] RSSフィード  : feed.xml
