[12:59:01] === ラジオポッドキャスト パイプライン 開始 ===
[12:59:01] 録音開始: TBS → episodes\20260809_日曜サンデー.aac
[12:59:01] 配信情報を取得中: TBS
[12:59:07] 使用サーバー: dr-wowza.radiko-cf.com
[13:00:00] === ラジオポッドキャスト パイプライン 開始 ===
[13:00:00] 録音開始: FMT → episodes\20260809_めるる.aac
[13:00:00] 配信情報を取得中: FMT
[13:00:05] 使用サーバー: dr-wowza.radiko-cf.com
[13:33:21] 録音完了
[13:33:21] RSSフィード生成中...
[13:33:21] RSSフィード保存: feed.xml
[13:33:21] アーカイブ移動: 20260709_GURUGURU.aac（GURUGURU / 30日超過）
[13:33:21] アーカイブ移動: 20260710_ジャンク.aac（ジャンク / 30日超過）
[13:33:21] 0件削除、2件アーカイブ移動しました
[13:33:21] GitHubにpush中...
[13:33:23] 警告: git push失敗（試行 1/3）
[13:33:53] 警告: git push失敗（試行 2/3）
[13:34:23] 警告: git push失敗（試行 3/3）
[13:34:23] エラー: git pushが全て失敗しました。手動でpushしてください。
[13:34:23] === パイプライン完了 ===
[13:34:23] 録音ファイル : episodes\20260809_めるる.aac
[13:34:23] RSSフィード  : feed.xml
[16:59:28] 録音完了
[16:59:28] RSSフィード生成中...
[16:59:28] RSSフィード保存: feed.xml
[16:59:28] 削除: 20260726_めるる.aac（保持14日超過）
[16:59:28] 1件削除、0件アーカイブ移動しました
[16:59:28] GitHubにpush中...
