[00:59:01] === ラジオポッドキャスト パイプライン 開始 ===
[00:59:01] 録音開始: TBS → episodes\20260826_ジャンク.aac
[00:59:01] 配信情報を取得中: TBS
[00:59:05] 使用サーバー: dr-wowza.radiko-cf.com
[02:59:22] 録音完了
[02:59:22] RSSフィード生成中...
[02:59:22] RSSフィード保存: feed.xml
[02:59:22] アーカイブ移動: 20260725_ジャンク.aac（ジャンク / 30日超過）
[02:59:22] 0件削除、1件アーカイブ移動しました
[02:59:22] GitHubにpush中...
[02:59:24] 警告: git push失敗（試行 1/3）
[02:59:54] 警告: git push失敗（試行 2/3）
[03:00:24] 警告: git push失敗（試行 3/3）
[03:00:24] エラー: git pushが全て失敗しました。手動でpushしてください。
[03:00:24] === パイプライン完了 ===
[03:00:24] 録音ファイル : episodes\20260826_ジャンク.aac
[03:00:24] RSSフィード  : feed.xml
[21:59:01] === ラジオポッドキャスト パイプライン 開始 ===
[21:59:01] 録音開始: FMJ → episodes\20260826_GURUGURU.aac
[21:59:01] 配信情報を取得中: FMJ
[21:59:05] 使用サーバー: dr-wowza.radiko-cf.com
