[00:01:41] 録音完了
[00:01:41] RSSフィード生成中...
[00:01:41] RSSフィード保存: feed.xml
[00:01:41] 対象なし
[00:01:41] GitHubにpush中...
[00:02:39] push完了
[00:02:39] === パイプライン完了 ===
[00:02:39] 録音ファイル : episodes\20260910_GURUGURU.aac
[00:02:39] RSSフィード  : feed.xml
[00:59:00] === ラジオポッドキャスト パイプライン 開始 ===
[00:59:00] 録音開始: TBS → episodes\20260911_ジャンク.aac
[00:59:00] 配信情報を取得中: TBS
[00:59:05] 使用サーバー: dr-wowza.radiko-cf.com
[02:59:23] 録音完了
[02:59:23] RSSフィード生成中...
[02:59:23] RSSフィード保存: feed.xml
[02:59:23] アーカイブ移動: 20260812_ジャンク.aac（ジャンク / 30日超過）
[02:59:23] 0件削除、1件アーカイブ移動しました
[02:59:23] GitHubにpush中...
[02:59:54] push完了
[02:59:54] === パイプライン完了 ===
[02:59:54] 録音ファイル : episodes\20260911_ジャンク.aac
[02:59:54] RSSフィード  : feed.xml
