[00:59:00] === ラジオポッドキャスト パイプライン 開始 ===
[00:59:00] 録音開始: TBS → episodes\20260923_ジャンク.aac
[00:59:00] 配信情報を取得中: TBS
[00:59:04] 使用サーバー: dr-wowza.radiko-cf.com
[02:59:23] 録音完了
[02:59:23] RSSフィード生成中...
[02:59:23] RSSフィード保存: feed.xml
[02:59:23] アーカイブ移動: 20260820_GURUGURU.aac（GURUGURU / 30日超過）
[02:59:23] アーカイブ移動: 20260821_ジャンク.aac（ジャンク / 30日超過）
[02:59:23] アーカイブ移動: 20260822_ジャンク.aac（ジャンク / 30日超過）
[02:59:23] 削除: 20260906_めるる.aac（保持14日超過）
[02:59:23] 1件削除、3件アーカイブ移動しました
[02:59:23] GitHubにpush中...
[02:59:41] push完了
[02:59:41] === パイプライン完了 ===
[02:59:41] 録音ファイル : episodes\20260923_ジャンク.aac
[02:59:41] RSSフィード  : feed.xml
[21:59:00] === ラジオポッドキャスト パイプライン 開始 ===
[21:59:00] 録音開始: FMJ → episodes\20260923_GURUGURU.aac
[21:59:00] 配信情報を取得中: FMJ
[21:59:04] 使用サーバー: dr-wowza.radiko-cf.com
