[00:01:38] 録音完了
[00:01:38] RSSフィード生成中...
[00:01:38] RSSフィード保存: feed.xml
[00:01:38] 対象なし
[00:01:38] GitHubにpush中...
[00:01:40] 警告: git push失敗（試行 1/3）
[00:02:10] 警告: git push失敗（試行 2/3）
[00:02:40] 警告: git push失敗（試行 3/3）
[00:02:40] エラー: git pushが全て失敗しました。手動でpushしてください。
[00:02:40] === パイプライン完了 ===
[00:02:40] 録音ファイル : episodes\20260813_GURUGURU.aac
[00:02:40] RSSフィード  : feed.xml
[00:59:01] === ラジオポッドキャスト パイプライン 開始 ===
[00:59:01] 録音開始: TBS → episodes\20260814_ジャンク.aac
[00:59:01] 配信情報を取得中: TBS
[00:59:05] 使用サーバー: dr-wowza.radiko-cf.com
[02:59:25] 録音完了
[02:59:25] RSSフィード生成中...
[02:59:25] RSSフィード保存: feed.xml
[02:59:25] アーカイブ移動: 20260715_ジャンク.aac（ジャンク / 30日超過）
[02:59:25] 0件削除、1件アーカイブ移動しました
[02:59:25] GitHubにpush中...
[02:59:27] 警告: git push失敗（試行 1/3）
[02:59:57] 警告: git push失敗（試行 2/3）
[03:00:27] 警告: git push失敗（試行 3/3）
[03:00:27] エラー: git pushが全て失敗しました。手動でpushしてください。
[03:00:27] === パイプライン完了 ===
[03:00:27] 録音ファイル : episodes\20260814_ジャンク.aac
[03:00:27] RSSフィード  : feed.xml
