[12:59:01] === ラジオポッドキャスト パイプライン 開始 ===
[12:59:01] 録音開始: TBS → episodes\20260906_日曜サンデー.aac
[12:59:01] 配信情報を取得中: TBS
[12:59:07] 使用サーバー: dr-wowza.radiko-cf.com
[13:00:01] === ラジオポッドキャスト パイプライン 開始 ===
[13:00:01] 録音開始: FMT → episodes\20260906_めるる.aac
[13:00:01] 配信情報を取得中: FMT
[13:00:06] 使用サーバー: dr-wowza.radiko-cf.com
[13:33:31] 録音完了
[13:33:31] RSSフィード生成中...
[13:33:31] RSSフィード保存: feed.xml
[13:33:31] アーカイブ移動: 20260806_GURUGURU.aac（GURUGURU / 30日超過）
[13:33:31] アーカイブ移動: 20260807_ジャンク.aac（ジャンク / 30日超過）
[13:33:31] 削除: 20260823_めるる.aac（保持14日超過）
[13:33:31] 1件削除、2件アーカイブ移動しました
[13:33:31] GitHubにpush中...
[13:33:43] push完了
[13:33:43] === パイプライン完了 ===
[13:33:44] 録音ファイル : episodes\20260906_めるる.aac
[13:33:44] RSSフィード  : feed.xml
[16:59:41] 録音完了
[16:59:41] RSSフィード生成中...
[16:59:41] RSSフィード保存: feed.xml
[16:59:41] 対象なし
[16:59:41] GitHubにpush中...
