[00:59:01] === ラジオポッドキャスト パイプライン 開始 ===
[00:59:01] 録音開始: TBS → episodes\20260819_ジャンク.aac
[00:59:01] 配信情報を取得中: TBS
[00:59:04] 使用サーバー: dr-wowza.radiko-cf.com
[02:59:23] 録音完了
[02:59:23] RSSフィード生成中...
[02:59:23] RSSフィード保存: feed.xml
[02:59:23] アーカイブ移動: 20260715_GURUGURU.aac（GURUGURU / 30日超過）
[02:59:23] アーカイブ移動: 20260716_GURUGURU.aac（GURUGURU / 30日超過）
[02:59:23] アーカイブ移動: 20260717_ジャンク.aac（ジャンク / 30日超過）
[02:59:23] 削除: 20260802_めるる.aac（保持14日超過）
[02:59:23] 1件削除、3件アーカイブ移動しました
[02:59:23] GitHubにpush中...
[02:59:25] 警告: git push失敗（試行 1/3）
[02:59:56] 警告: git push失敗（試行 2/3）
[03:00:26] 警告: git push失敗（試行 3/3）
[03:00:26] エラー: git pushが全て失敗しました。手動でpushしてください。
[03:00:26] === パイプライン完了 ===
[03:00:26] 録音ファイル : episodes\20260819_ジャンク.aac
[03:00:26] RSSフィード  : feed.xml
[21:59:01] === ラジオポッドキャスト パイプライン 開始 ===
[21:59:01] 録音開始: FMJ → episodes\20260819_GURUGURU.aac
[21:59:01] 配信情報を取得中: FMJ
[21:59:05] 使用サーバー: dr-wowza.radiko-cf.com
