[00:01:40] 録音完了
[00:01:40] RSSフィード生成中...
[00:01:40] RSSフィード保存: feed.xml
[00:01:40] アーカイブ移動: 20260730_GURUGURU.aac（GURUGURU / 30日超過）
[00:01:40] アーカイブ移動: 20260731_ジャンク.aac（ジャンク / 30日超過）
[00:01:40] アーカイブ移動: 20260801_ジャンク.aac（ジャンク / 30日超過）
[00:01:40] 削除: 20260809_日曜サンデー.aac（保持21日超過）
[00:01:40] 1件削除、3件アーカイブ移動しました
[00:01:40] GitHubにpush中...
[00:01:44] 警告: git push失敗（試行 1/3）
[00:02:14] 警告: git push失敗（試行 2/3）
[00:02:44] 警告: git push失敗（試行 3/3）
[00:02:44] エラー: git pushが全て失敗しました。手動でpushしてください。
[00:02:44] === パイプライン完了 ===
[00:02:44] 録音ファイル : episodes\20260902_GURUGURU.aac
[00:02:44] RSSフィード  : feed.xml
[21:59:01] === ラジオポッドキャスト パイプライン 開始 ===
[21:59:01] 録音開始: FMJ → episodes\20260903_GURUGURU.aac
[21:59:01] 配信情報を取得中: FMJ
[21:59:07] 使用サーバー: dr-wowza.radiko-cf.com
