[00:01:42] 録音完了
[00:01:42] RSSフィード生成中...
[00:01:42] RSSフィード保存: feed.xml
[00:01:42] 対象なし
[00:01:42] GitHubにpush中...
[00:01:46] 警告: git push失敗（試行 1/3）
[00:02:16] 警告: git push失敗（試行 2/3）
[00:02:46] 警告: git push失敗（試行 3/3）
[00:02:46] エラー: git pushが全て失敗しました。手動でpushしてください。
[00:02:46] === パイプライン完了 ===
[00:02:46] 録音ファイル : episodes\20260903_GURUGURU.aac
[00:02:46] RSSフィード  : feed.xml
[00:59:00] === ラジオポッドキャスト パイプライン 開始 ===
[00:59:00] 録音開始: TBS → episodes\20260904_ジャンク.aac
[00:59:00] 配信情報を取得中: TBS
[00:59:04] 使用サーバー: dr-wowza.radiko-cf.com
[02:59:25] 録音完了
[02:59:25] RSSフィード生成中...
[02:59:25] RSSフィード保存: feed.xml
[02:59:25] 対象なし
[02:59:25] GitHubにpush中...
