[00:01:37] 録音完了
[00:01:37] RSSフィード生成中...
[00:01:37] RSSフィード保存: feed.xml
[00:01:37] 対象なし
[00:01:37] GitHubにpush中...
[00:01:39] 警告: git push失敗（試行 1/3）
[00:02:09] 警告: git push失敗（試行 2/3）
[00:02:39] 警告: git push失敗（試行 3/3）
[00:02:39] エラー: git pushが全て失敗しました。手動でpushしてください。
[00:02:39] === パイプライン完了 ===
[00:02:39] 録音ファイル : episodes\20260820_GURUGURU.aac
[00:02:39] RSSフィード  : feed.xml
[00:59:01] === ラジオポッドキャスト パイプライン 開始 ===
[00:59:01] 録音開始: TBS → episodes\20260821_ジャンク.aac
[00:59:01] 配信情報を取得中: TBS
[00:59:04] 使用サーバー: dr-wowza.radiko-cf.com
[02:59:21] 録音完了
[02:59:21] RSSフィード生成中...
[02:59:21] RSSフィード保存: feed.xml
[02:59:21] 対象なし
[02:59:21] GitHubにpush中...
[02:59:23] 警告: git push失敗（試行 1/3）
[02:59:53] 警告: git push失敗（試行 2/3）
[03:00:23] 警告: git push失敗（試行 3/3）
[03:00:23] エラー: git pushが全て失敗しました。手動でpushしてください。
[03:00:23] === パイプライン完了 ===
[03:00:23] 録音ファイル : episodes\20260821_ジャンク.aac
[03:00:23] RSSフィード  : feed.xml
